[www.supercook.com/index.html]
[www.supercook.com/statics/css/normalize.css]
[www.supercook.com/statics/css/webflow.css]
[www.supercook.com/statics/css/supercook-app.webflow.css]
[ajax.googleapis.com/ajax/libs/webfont/1.6.26/webfont.js]
[www.google-analytics.com/analytics.js]
[backblue.gif]
[fade.gif]
[index.html]
[cdn.snigelweb.com/adengine/supercook.com/loader.js]
[www.supercook.com/css/app.3e359a2c.css]
[www.supercook.com/js/app.ba398890.js]
[www.supercook.com/js/runtime.ff37a144.js]
[www.supercook.com/js/vendor.0d9b3bf6.js]
[www.supercook.com/css/213cde68.c710fb09.css]
[www.supercook.com/css/28734ebf.dc6d8f8f.css]
[www.supercook.com/css/2891839a.cd08de9b.css]
[www.supercook.com/css/5357e2a0.3ae8303c.css]
[www.supercook.com/css/5940a7fa.ba543db3.css]
[www.supercook.com/css/5b720d5d.eec69d8b.css]
[www.supercook.com/css/7ea2cedc.50f7146c.css]
[www.supercook.com/js/1144394c.1bfe2899.js]
[www.supercook.com/js/213cde68.bc58c56e.js]
[www.supercook.com/js/28734ebf.839143bd.js]
[www.supercook.com/js/2891839a.6d33d382.js]
[www.supercook.com/js/2c77ccd6.3688ebc0.js]
[www.supercook.com/js/2d0513c6.e49dfb7a.js]
[www.supercook.com/js/3b6cfe08.17035b64.js]
[www.supercook.com/js/40452196.6c882576.js]
[www.supercook.com/js/455dfc86.66bd1132.js]
[www.supercook.com/js/48cdfea2.2cf3558d.js]
[www.supercook.com/js/4ad7dd3d.2938da05.js]
[www.supercook.com/js/4b4818b8.cd768103.js]
[www.supercook.com/js/5357e2a0.38a1c9e7.js]
[www.supercook.com/js/5940a7fa.1a732196.js]
[www.supercook.com/js/5b720d5d.de50b9de.js]
[www.supercook.com/js/5ce7c3ed.7d1e988b.js]
[www.supercook.com/js/7ea2cedc.7eea0212.js]
[www.supercook.com/js/8286ef34.c4174c7b.js]
[www.supercook.com/js/a07ad8ba.4d1948d5.js]
[www.supercook.com/index.html]
[www.supercook.com/statics/css/normalize.css]
[www.supercook.com/statics/css/webflow.css]
[www.supercook.com/js/aa1d33de.6ea6e068.js]
[www.supercook.com/statics/images/vegetable_pattern.svg]
[www.supercook.com/statics/images/tab-menu-home.png]
[www.supercook.com/statics/images/tab-menu-recipes.png]
[www.supercook.com/statics/images/tab-menu-favorite.png]
[www.supercook.com/statics/images/tab-menu-cart.png]
[www.supercook.com/statics/images/product-favourite.png]
[www.supercook.com/statics/images/clock.svg]
[www.supercook.com/statics/images/product-add-button.svg]
[www.supercook.com/statics/images/onboarding-bg.svg]
[www.supercook.com/statics/images/radio-button-icon.svg]
[www.supercook.com/statics/css/supercook-app.webflow.css]
[www.supercook.com/fonts/KFOkCnqEu92Fr1MmgVxIIzQ.e9dbbe8a.woff]
[www.supercook.com/fonts/KFOlCnqEu92Fr1MmSU5fBBc-.a1471d1d.woff]
[www.supercook.com/fonts/KFOmCnqEu92Fr1Mu4mxM.bafb105b.woff]
[www.supercook.com/fonts/KFOlCnqEu92Fr1MmEU9fBBc-.de8b7431.woff]
[www.supercook.com/fonts/KFOlCnqEu92Fr1MmWUlfBBc-.cf6613d1.woff]
[www.supercook.com/fonts/KFOlCnqEu92Fr1MmYUtfBBc-.8c2ade50.woff]
[www.supercook.com/fonts/flUhRq6tzZclQEJ-Vdg-IuiaDsNcIhQ8tQ.8a9a261c.woff2]
[www.supercook.com/fonts/flUhRq6tzZclQEJ-Vdg-IuiaDsNa.c38ebd3c.woff]
[www.supercook.com/fonts/Nunito-Regular.dba92cb9.ttf]
[www.supercook.com/css/app.3e359a2c.css]
[www.supercook.com/css/1144394c.d2f98ac5.css]
[www.supercook.com/css/213cde68.c710fb09.css]
[www.supercook.com/css/28734ebf.dc6d8f8f.css]
[www.supercook.com/css/2891839a.cd08de9b.css]
[www.supercook.com/css/2c77ccd6.495f3507.css]
[www.supercook.com/css/2d0513c6.94433c5d.css]
[www.supercook.com/css/3b6cfe08.2e6d7a51.css]
[www.supercook.com/css/40452196.d8107f8d.css]
[www.supercook.com/css/455dfc86.937f0a2c.css]
[www.supercook.com/css/48cdfea2.3e402af0.css]
[www.supercook.com/css/4ad7dd3d.79a79c59.css]
[www.supercook.com/css/5357e2a0.3ae8303c.css]
[www.supercook.com/css/5940a7fa.ba543db3.css]
[www.supercook.com/css/5b720d5d.eec69d8b.css]
[www.supercook.com/css/5ce7c3ed.70efef9e.css]
[www.supercook.com/css/7ea2cedc.50f7146c.css]
[www.supercook.com/css/8286ef34.38bbc864.css]
[www.supercook.com/css/a07ad8ba.143c409f.css]
[www.supercook.com/css/aa1d33de.31b21f9d.css]
[www.supercook.com/statics/images/vegetable_pattern.svg]
[www.supercook.com/statics/images/star-unselect.svg]
[www.supercook.com/statics/images/star-select.svg]
[www.supercook.com/statics/images/arrow-forward.svg]
[www.supercook.com/statics/images/arrow-down.svg]
[www.supercook.com/statics/images/arrow-forward-red.svg]
[www.supercook.com/statics/images/arrow-down-red.svg]
[www.supercook.com/statics/images/clock.svg]
[www.supercook.com/statics/images/product-add-button.svg]
[www.supercook.com/statics/images/arrow-up-red.svg]
[www.supercook.com/statics/images/arrow-down-orange.svg]
[www.supercook.com/statics/images/arrow-forward-black.svg]
[www.supercook.com/statics/images/arrow-forward-gray.svg]
[www.supercook.com/statics/images/onboarding-bg.svg]
[www.supercook.com/statics/images/radio-button-icon.svg]
[www.supercook.com/statics/images/remove-list-icon.svg]
[www.supercook.com/statics/images/remove-x-white.svg]
[www.supercook.com/statics/images/add-more-list-icon.svg]
[www.supercook.com/img/vegetable_pattern.de9d5fc4.svg]
[www.supercook.com/img/vegetable_pattern.de9d5fc4.svg]
